2025-12-09 11:44:52 | GET parameters received | {"cid":"1","clickid":"${SUBID}","campaignid":"{campaignid}","country":"{country}","os":"{os}","browser":"{browser}","connection_type":"{connection.type}","isp":"{isp}","carrier":"{carrier}","zoneid":"{zoneid}","cost":"{cost}"}
2025-12-09 11:44:52 | Mapped campaign country code | "us"
2025-12-09 11:44:52 | Visitor country mismatch | {"visitor":"{country}","campaign":"us","allowed":["us"]}
2025-12-09 11:45:04 | GET parameters received | {"cid":"1","clickid":"${SUBID}","campaignid":"{campaignid}","country":"us","os":"{os}","browser":"{browser}","connection_type":"{connection.type}","isp":"{isp}","carrier":"{carrier}","zoneid":"{zoneid}","cost":"{cost}"}
2025-12-09 11:45:04 | Mapped campaign country code | "us"
2025-12-09 11:45:04 | Visitor country code matched | {"visitor":"us"}
2025-12-09 11:45:04 | All offers capped | 1
2025-12-09 11:45:04 | DB error fetching campaign external ids | "SQLSTATE[42S22]: Column not found: 1054 Unknown column 'traffic_source_id' in 'SELECT'"
2025-12-09 12:09:28 | GET parameters received | {"cid":"1","clickid":"${SUBID}","campaignid":"{campaignid}","country":"us","os":"{os}","browser":"{browser}","connection_type":"{connection.type}","isp":"{isp}","carrier":"{carrier}","zoneid":"{zoneid}","cost":"{cost}"}
2025-12-09 12:09:28 | Mapped campaign country code | "us"
2025-12-09 12:09:28 | Visitor country code matched | {"visitor":"us"}
2025-12-09 12:09:28 | All offers capped | 1
2025-12-09 12:09:28 | DB error fetching campaign external ids | "SQLSTATE[42S22]: Column not found: 1054 Unknown column 'traffic_source_id' in 'SELECT'"
2025-12-09 12:13:05 | GET parameters received | {"cid":"1","clickid":"${SUBID}","campaignid":"{campaignid}","country":"us","os":"{os}","browser":"{browser}","connection_type":"{connection.type}","isp":"{isp}","carrier":"{carrier}","zoneid":"{zoneid}","cost":"{cost}"}
2025-12-09 12:13:05 | Mapped campaign country code | "us"
2025-12-09 12:13:05 | Visitor country code matched | {"visitor":"us"}
2025-12-09 12:13:05 | All offers capped | 1
2025-12-09 12:13:05 | Skipping stop: missing traffic source or external campaign ID | {"traffic_source_id":0,"external_campaign_id":"10194669"}
2025-12-09 12:13:58 | GET parameters received | {"cid":"1","clickid":"12512vsv3","campaignid":"10195506","country":"us","os":"{os}","browser":"{browser}","connection_type":"{connection.type}","isp":"{isp}","carrier":"{carrier}","zoneid":"{zoneid}","cost":"{cost}"}
2025-12-09 12:13:59 | Mapped campaign country code | "us"
2025-12-09 12:13:59 | Visitor country code matched | {"visitor":"us"}
2025-12-09 12:13:59 | All offers capped | 1
2025-12-09 12:13:59 | Skipping stop: missing traffic source or external campaign ID | {"traffic_source_id":0,"external_campaign_id":"10194669"}
2025-12-09 12:15:41 | GET parameters received | {"cid":"1","clickid":"Test123","campaignid":"10195506","country":"us","os":"{os}","browser":"{browser}","connection_type":"{connection.type}","isp":"{isp}","carrier":"{carrier}","zoneid":"{zoneid}","cost":"{cost}"}
2025-12-09 12:15:41 | Mapped campaign country code | "us"
2025-12-09 12:15:41 | Visitor country code matched | {"visitor":"us"}
2025-12-09 12:15:41 | All offers capped | 1
2025-12-09 12:15:41 | Traffic source campaign pause attempt | {"traffic_source_id":1,"external_campaign_id":[10194669],"result":false}
2025-12-09 12:15:41 | Stop request returned failure or partial failure | false
2025-12-09 12:22:45 | GET parameters received | {"cid":"1","clickid":"${SUBID}","campaignid":"{campaignid}","country":"us","os":"{os}","browser":"{browser}","connection_type":"{connection.type}","isp":"{isp}","carrier":"{carrier}","zoneid":"{zoneid}","cost":"{cost}"}
2025-12-09 12:22:45 | Mapped campaign country code | "us"
2025-12-09 12:22:45 | Visitor country code matched | {"visitor":"us"}
2025-12-09 12:22:45 | Offer selected and view incremented | {"offer_id":3,"cap":65,"current_views":61,"offer_name":"bambulab.com OP US","affiliate_link":"https://api.yieldads.net/redirect?publisherId=0eebb6270acd447b&market=us&target=bambulab.com","country":"US","affiliate_program_id":1,"website_id":1,"fill_percent":0.9384615384615385}
2025-12-09 12:22:45 | Buffer selected | {"id":1,"buffer_url":"t.co/hRM2vNRhdZ"}
2025-12-09 12:22:45 | Affiliate URL generated | "https://api.yieldads.net/redirect?publisherId=0eebb6270acd447b&market=us&target=bambulab.com&publisherId=cid693814957c5b44.57448141"
2025-12-09 12:22:45 | Click logged | "cid693814957c5b44.57448141"
2025-12-09 12:22:45 | Redirecting to affiliate URL | "https://api.yieldads.net/redirect?publisherId=0eebb6270acd447b&market=us&target=bambulab.com&publisherId=cid693814957c5b44.57448141"
2025-12-09 12:22:59 | GET parameters received | {"cid":"1","clickid":"${SUBID}","campaignid":"10194669","country":"us","os":"{os}","browser":"{browser}","connection_type":"{connection.type}","isp":"{isp}","carrier":"{carrier}","zoneid":"{zoneid}","cost":"{cost}"}
2025-12-09 12:22:59 | Mapped campaign country code | "us"
2025-12-09 12:22:59 | Visitor country code matched | {"visitor":"us"}
2025-12-09 12:22:59 | Offer selected and view incremented | {"offer_id":3,"cap":65,"current_views":62,"offer_name":"bambulab.com OP US","affiliate_link":"https://api.yieldads.net/redirect?publisherId=0eebb6270acd447b&market=us&target=bambulab.com","country":"US","affiliate_program_id":1,"website_id":1,"fill_percent":0.9538461538461539}
2025-12-09 12:22:59 | Buffer selected | {"id":1,"buffer_url":"t.co/hRM2vNRhdZ"}
2025-12-09 12:22:59 | Affiliate URL generated | "https://api.yieldads.net/redirect?publisherId=0eebb6270acd447b&market=us&target=bambulab.com&publisherId=cid693814a3ed4363.55374965"
2025-12-09 12:22:59 | Click logged | "cid693814a3ed4363.55374965"
2025-12-09 12:22:59 | Redirecting to affiliate URL | "https://api.yieldads.net/redirect?publisherId=0eebb6270acd447b&market=us&target=bambulab.com&publisherId=cid693814a3ed4363.55374965"
2025-12-09 12:25:16 | GET parameters received | {"cid":"1","clickid":"1022234065648231099","campaignid":"10194669","country":"US","os":"ios","browser":"safari_webview","connection_type":"mobile","isp":"t-mobile usa inc.","carrier":"t-mobile-us","zoneid":"9249794","cost":"0.000470"}
2025-12-09 12:25:16 | Mapped campaign country code | "us"
2025-12-09 12:25:16 | Visitor country code matched | {"visitor":"us"}
2025-12-09 12:25:16 | Offer selected and view incremented | {"offer_id":3,"cap":65,"current_views":63,"offer_name":"bambulab.com OP US","affiliate_link":"https://api.yieldads.net/redirect?publisherId=0eebb6270acd447b&market=us&target=bambulab.com","country":"US","affiliate_program_id":1,"website_id":1,"fill_percent":0.9692307692307692}
2025-12-09 12:25:16 | Buffer selected | {"id":1,"buffer_url":"t.co/hRM2vNRhdZ"}
2025-12-09 12:25:16 | Affiliate URL generated | "https://api.yieldads.net/redirect?publisherId=0eebb6270acd447b&market=us&target=bambulab.com&publisherId=cid6938152c1c0ec6.32061650"
2025-12-09 12:25:16 | Click logged | "cid6938152c1c0ec6.32061650"
2025-12-09 12:25:16 | Redirecting to affiliate URL | "https://api.yieldads.net/redirect?publisherId=0eebb6270acd447b&market=us&target=bambulab.com&publisherId=cid6938152c1c0ec6.32061650"
2025-12-09 12:29:46 | GET parameters received | {"cid":"1","clickid":"1022235204519211101","campaignid":"10194669","country":"US","os":"ios","browser":"safari","connection_type":"mobile","isp":"verizon usa","carrier":"verizon-us","zoneid":"6786568","cost":"0.000470"}
2025-12-09 12:29:46 | Mapped campaign country code | "us"
2025-12-09 12:29:46 | Visitor country code matched | {"visitor":"us"}
2025-12-09 12:29:46 | Offer selected and view incremented | {"offer_id":3,"cap":65,"current_views":64,"offer_name":"bambulab.com OP US","affiliate_link":"https://api.yieldads.net/redirect?publisherId=0eebb6270acd447b&market=us&target=bambulab.com","country":"US","affiliate_program_id":1,"website_id":1,"fill_percent":0.9846153846153847}
2025-12-09 12:29:46 | Buffer selected | {"id":1,"buffer_url":"t.co/hRM2vNRhdZ"}
2025-12-09 12:29:46 | Affiliate URL generated | "https://api.yieldads.net/redirect?publisherId=0eebb6270acd447b&market=us&target=bambulab.com&publisherId=cid6938163a143817.57038358"
2025-12-09 12:29:46 | Click logged | "cid6938163a143817.57038358"
2025-12-09 12:29:46 | Redirecting to affiliate URL | "https://api.yieldads.net/redirect?publisherId=0eebb6270acd447b&market=us&target=bambulab.com&publisherId=cid6938163a143817.57038358"
2025-12-09 12:29:54 | GET parameters received | {"cid":"1","clickid":"1022235233329886629","campaignid":"10194669","country":"US","os":"ios","browser":"google_search_app","connection_type":"mobile","isp":"t-mobile usa inc.","carrier":"t-mobile-us","zoneid":"9249794","cost":"0.000470"}
2025-12-09 12:29:54 | Mapped campaign country code | "us"
2025-12-09 12:29:54 | Visitor country code matched | {"visitor":"us"}
2025-12-09 12:29:54 | All offers capped | 1
2025-12-09 12:29:54 | Traffic source campaign pause attempt | {"traffic_source_id":1,"external_campaign_id":[10194669],"result":true}
2025-12-09 12:29:54 | Stop request returned failure or partial failure | true
2025-12-09 13:40:57 | GET parameters received | {"cid":"3","clickid":"${SUBID}","campaignid":"{campaignid}","country":"us}","os":"{os}","browser":"{browser}","connection_type":"{connection.type}","isp":"{isp}","carrier":"{carrier}","zoneid":"{zoneid}","cost":"{cost}"}
2025-12-09 13:40:57 | Mapped campaign country code | "us"
2025-12-09 13:40:57 | Visitor country mismatch | {"visitor":"us}","campaign":"us","allowed":["us"]}
